Loading cache...done.
Loaded 5356 entries from dependency cache.
NOTE: Resolving any missing task queue dependencies
NOTE: Multiple providers are available for ffmpeg (ffmpeg, rpidistro-ffmpeg)
Consider defining a PREFERRED_PROVIDER entry to match ffmpeg
NOTE: Multiple providers are available for runtime libnss-mdns (avahi-libnss-mdns, mdns)
Consider defining a PREFERRED_RPROVIDER entry to match libnss-mdns

Build Configuration:
BB_VERSION           = "2.18.0"
BUILD_SYS            = "x86_64-linux"
NATIVELSBSTRING      = "universal"
TARGET_SYS           = "aarch64-poky-linux"
MACHINE              = "raspberrypi4-64"
SDKMACHINE           = "x86_64"
DISTRO               = "poky"
DISTRO_VERSION       = "6.0.3"
TUNE_FEATURES        = "aarch64 crc cortexa72 nocrypto"
meta                 = "wrynose:cc4695f65beb6e5069fbecc16475fa5a27c768e9"
meta-poky            = "wrynose:ddeeba423ff0565b8f1192f16072b5993d5ea6a0"
meta-raspberrypi     = "wrynose:f62c67921474370829d24a4fa01ef88543f3906b"
meta-oe              
meta-python          
meta-multimedia      
meta-networking      = "wrynose:47d7dbdd10890bbd429bc0cccbe14435c37e5af1"
meta-acceso          = "Daniel:aa9db6fe10c3dc858b866136f07d6cb53f250231"

Initialising tasks...Sstate summary: Wanted 127 Local 108 Mirrors 0 Missed 19 Current 4042 (85% match, 99% complete)
done.
Removing 1 stale sstate objects for arch cortexa72...done.
NOTE: Executing Tasks
NOTE: Running task 6176 of 7588 (/home/daniel/proyecto-acceso/layers/meta-acceso/recipes-acceso/acceso-control/acceso-control_1.0.bb:do_package_qa)
NOTE: recipe acceso-control-1.0-r0: task do_package_qa: Started
NOTE: recipe acceso-control-1.0-r0: task do_package_qa: Succeeded
NOTE: Running task 7028 of 7588 (/home/daniel/proyecto-acceso/layers/meta-acceso/recipes-acceso/images/acceso-image-dev.bb:do_rootfs)
NOTE: Running task 7029 of 7588 (/home/daniel/proyecto-acceso/layers/meta-acceso/recipes-acceso/images/acceso-image.bb:do_rootfs)
NOTE: recipe acceso-image-dev-1.0-r0: task do_rootfs: Started
NOTE: recipe acceso-image-1.0-r0: task do_rootfs: Started
NOTE: recipe acceso-image-1.0-r0: task do_rootfs: Succeeded
NOTE: recipe acceso-image-dev-1.0-r0: task do_rootfs: Succeeded
NOTE: Running task 7048 of 7588 (/home/daniel/proyecto-acceso/layers/meta-acceso/recipes-acceso/images/acceso-image-dev.bb:do_create_recipe_spdx)
NOTE: Running task 7060 of 7588 (/home/daniel/proyecto-acceso/layers/meta-acceso/recipes-acceso/images/acceso-image-dev.bb:do_deploy_source_date_epoch)
NOTE: recipe acceso-image-dev-1.0-r0: task do_create_recipe_spdx: Started
NOTE: recipe acceso-image-dev-1.0-r0: task do_deploy_source_date_epoch: Started
NOTE: recipe acceso-image-dev-1.0-r0: task do_deploy_source_date_epoch: Succeeded
NOTE: Running task 7061 of 7588 (/home/daniel/proyecto-acceso/layers/meta-acceso/recipes-acceso/images/acceso-image.bb:do_deploy_source_date_epoch)
NOTE: recipe acceso-image-dev-1.0-r0: task do_create_recipe_spdx: Succeeded
NOTE: Running task 7062 of 7588 (/home/daniel/proyecto-acceso/layers/meta-acceso/recipes-acceso/images/acceso-image-dev.bb:do_create_spdx)
NOTE: recipe acceso-image-1.0-r0: task do_deploy_source_date_epoch: Started
NOTE: recipe acceso-image-dev-1.0-r0: task do_create_spdx: Started
NOTE: recipe acceso-image-1.0-r0: task do_deploy_source_date_epoch: Succeeded
NOTE: Running setscene task 4169 of 4169 (/home/daniel/proyecto-acceso/layers/meta-acceso/recipes-acceso/images/acceso-image.bb:do_create_spdx_setscene)
NOTE: recipe acceso-image-dev-1.0-r0: task do_create_spdx: Succeeded
NOTE: recipe acceso-image-1.0-r0: task do_create_spdx_setscene: Started
NOTE: recipe acceso-image-1.0-r0: task do_create_spdx_setscene: Succeeded
NOTE: Running task 7469 of 7588 (/home/daniel/proyecto-acceso/layers/meta-acceso/recipes-acceso/acceso-control/acceso-control_1.0.bb:do_create_package_spdx)
NOTE: Running task 7502 of 7588 (/home/daniel/proyecto-acceso/layers/meta-acceso/recipes-acceso/images/acceso-image-dev.bb:do_flush_pseudodb)
NOTE: recipe acceso-control-1.0-r0: task do_create_package_spdx: Started
NOTE: recipe acceso-image-dev-1.0-r0: task do_flush_pseudodb: Started
NOTE: recipe acceso-image-dev-1.0-r0: task do_flush_pseudodb: Succeeded
NOTE: Running task 7503 of 7588 (/home/daniel/proyecto-acceso/layers/meta-acceso/recipes-acceso/images/acceso-image.bb:do_flush_pseudodb)
NOTE: recipe acceso-image-1.0-r0: task do_flush_pseudodb: Started
NOTE: recipe acceso-image-1.0-r0: task do_flush_pseudodb: Succeeded
NOTE: Running task 7513 of 7588 (/home/daniel/proyecto-acceso/layers/meta-acceso/recipes-acceso/images/acceso-image-dev.bb:do_create_package_spdx)
NOTE: recipe acceso-control-1.0-r0: task do_create_package_spdx: Succeeded
NOTE: Running task 7514 of 7588 (/home/daniel/proyecto-acceso/layers/meta-acceso/recipes-acceso/images/acceso-image.bb:do_create_package_spdx)
NOTE: recipe acceso-image-dev-1.0-r0: task do_create_package_spdx: Started
NOTE: recipe acceso-image-1.0-r0: task do_create_package_spdx: Started
NOTE: recipe acceso-image-dev-1.0-r0: task do_create_package_spdx: Succeeded
NOTE: recipe acceso-image-1.0-r0: task do_create_package_spdx: Succeeded
NOTE: Running task 7523 of 7588 (/home/daniel/proyecto-acceso/layers/meta-acceso/recipes-acceso/images/acceso-image-dev.bb:do_create_rootfs_spdx)
NOTE: Running task 7524 of 7588 (/home/daniel/proyecto-acceso/layers/meta-acceso/recipes-acceso/images/acceso-image.bb:do_create_rootfs_spdx)
NOTE: recipe acceso-image-dev-1.0-r0: task do_create_rootfs_spdx: Started
NOTE: recipe acceso-image-1.0-r0: task do_create_rootfs_spdx: Started
NOTE: recipe acceso-image-1.0-r0: task do_create_rootfs_spdx: Succeeded
NOTE: Running task 7540 of 7588 (/home/daniel/proyecto-acceso/layers/meta-acceso/recipes-acceso/images/acceso-image-dev.bb:do_image_qa)
NOTE: recipe acceso-image-dev-1.0-r0: task do_create_rootfs_spdx: Succeeded
NOTE: Running task 7541 of 7588 (/home/daniel/proyecto-acceso/layers/meta-acceso/recipes-acceso/images/acceso-image.bb:do_image_qa)
NOTE: recipe acceso-image-dev-1.0-r0: task do_image_qa: Started
NOTE: recipe acceso-image-dev-1.0-r0: task do_image_qa: Succeeded
NOTE: Running task 7542 of 7588 (/home/daniel/proyecto-acceso/layers/meta-acceso/recipes-acceso/images/acceso-image-dev.bb:do_image)
NOTE: recipe acceso-image-1.0-r0: task do_image_qa: Started
NOTE: recipe acceso-image-1.0-r0: task do_image_qa: Succeeded
NOTE: Running task 7543 of 7588 (/home/daniel/proyecto-acceso/layers/meta-acceso/recipes-acceso/images/acceso-image.bb:do_image)
NOTE: recipe acceso-image-dev-1.0-r0: task do_image: Started
NOTE: recipe acceso-image-dev-1.0-r0: task do_image: Succeeded
NOTE: Running task 7561 of 7588 (/home/daniel/proyecto-acceso/layers/meta-acceso/recipes-acceso/images/acceso-image-dev.bb:do_rootfs_wicenv)
NOTE: recipe acceso-image-1.0-r0: task do_image: Started
NOTE: recipe acceso-image-1.0-r0: task do_image: Succeeded
NOTE: Running task 7562 of 7588 (/home/daniel/proyecto-acceso/layers/meta-acceso/recipes-acceso/images/acceso-image.bb:do_rootfs_wicenv)
NOTE: recipe acceso-image-dev-1.0-r0: task do_rootfs_wicenv: Started
NOTE: recipe acceso-image-dev-1.0-r0: task do_rootfs_wicenv: Succeeded
NOTE: Running task 7563 of 7588 (/home/daniel/proyecto-acceso/layers/meta-acceso/recipes-acceso/images/acceso-image-dev.bb:do_image_wic)
NOTE: recipe acceso-image-1.0-r0: task do_rootfs_wicenv: Started
NOTE: recipe acceso-image-1.0-r0: task do_rootfs_wicenv: Succeeded
NOTE: Running task 7564 of 7588 (/home/daniel/proyecto-acceso/layers/meta-acceso/recipes-acceso/images/acceso-image.bb:do_image_wic)
NOTE: recipe acceso-image-dev-1.0-r0: task do_image_wic: Started
NOTE: recipe acceso-image-1.0-r0: task do_image_wic: Started
NOTE: recipe acceso-image-1.0-r0: task do_image_wic: Succeeded
NOTE: Running task 7565 of 7588 (/home/daniel/proyecto-acceso/layers/meta-acceso/recipes-acceso/images/acceso-image.bb:do_image_complete)
NOTE: recipe acceso-image-1.0-r0: task do_image_complete: Started
NOTE: recipe acceso-image-1.0-r0: task do_image_complete: Succeeded
NOTE: Running task 7580 of 7588 (/home/daniel/proyecto-acceso/layers/meta-acceso/recipes-acceso/images/acceso-image.bb:do_create_image_spdx)
NOTE: recipe acceso-image-1.0-r0: task do_create_image_spdx: Started
NOTE: recipe acceso-image-1.0-r0: task do_create_image_spdx: Succeeded
NOTE: Running task 7581 of 7588 (/home/daniel/proyecto-acceso/layers/meta-acceso/recipes-acceso/images/acceso-image.bb:do_create_image_sbom_spdx)
NOTE: recipe acceso-image-1.0-r0: task do_create_image_sbom_spdx: Started
NOTE: recipe acceso-image-dev-1.0-r0: task do_image_wic: Succeeded
NOTE: Running task 7582 of 7588 (/home/daniel/proyecto-acceso/layers/meta-acceso/recipes-acceso/images/acceso-image-dev.bb:do_image_complete)
NOTE: recipe acceso-image-dev-1.0-r0: task do_image_complete: Started
NOTE: recipe acceso-image-dev-1.0-r0: task do_image_complete: Succeeded
NOTE: Running task 7583 of 7588 (/home/daniel/proyecto-acceso/layers/meta-acceso/recipes-acceso/images/acceso-image-dev.bb:do_create_image_spdx)
NOTE: recipe acceso-image-dev-1.0-r0: task do_create_image_spdx: Started
NOTE: recipe acceso-image-dev-1.0-r0: task do_create_image_spdx: Succeeded
NOTE: Running task 7584 of 7588 (/home/daniel/proyecto-acceso/layers/meta-acceso/recipes-acceso/images/acceso-image-dev.bb:do_create_image_sbom_spdx)
NOTE: recipe acceso-image-dev-1.0-r0: task do_create_image_sbom_spdx: Started
NOTE: recipe acceso-image-1.0-r0: task do_create_image_sbom_spdx: Succeeded
NOTE: Running task 7585 of 7588 (/home/daniel/proyecto-acceso/layers/meta-acceso/recipes-acceso/images/acceso-image-dev.bb:do_populate_lic_deploy)
NOTE: recipe acceso-image-dev-1.0-r0: task do_populate_lic_deploy: Started
NOTE: recipe acceso-image-dev-1.0-r0: task do_populate_lic_deploy: Succeeded
NOTE: Running task 7586 of 7588 (/home/daniel/proyecto-acceso/layers/meta-acceso/recipes-acceso/images/acceso-image.bb:do_populate_lic_deploy)
NOTE: recipe acceso-image-1.0-r0: task do_populate_lic_deploy: Started
NOTE: recipe acceso-image-1.0-r0: task do_populate_lic_deploy: Succeeded
NOTE: Running noexec task 7587 of 7588 (/home/daniel/proyecto-acceso/layers/meta-acceso/recipes-acceso/images/acceso-image.bb:do_build)
NOTE: recipe acceso-image-dev-1.0-r0: task do_create_image_sbom_spdx: Succeeded
NOTE: Running noexec task 7588 of 7588 (/home/daniel/proyecto-acceso/layers/meta-acceso/recipes-acceso/images/acceso-image-dev.bb:do_build)
NOTE: Tasks Summary: Attempted 7588 tasks of which 7556 didn't need to be rerun and all succeeded.
